[[[11  2 11  2]
  [16 16 16 16]
  [ 1 15  1 15]
  [ 9  9 12  9]]

 [[ 5  8  5  8]
  [14 14 14 14]
  [ 1  1  1  1]
  [10 10 10 10]]

 [[ 6  3  6  3]
  [ 0  0  0  0]
  [ 7  7  7  7]
  [19 19 19 19]]

 [[21 18 21 18]
  [15 15 15 15]
  [21  4 17  4]
  [10 13 10 13]]]